// Jest Snapshot v1, https://goo.gl/fbAQLP

exports[`renders button 1`] = `
<button
  className="button "
  type="button"
>
  Тестовая кнопка
</button>
`;
